EPF diversity probe: prompts=[4] signals=['mean_logprob', 'entropy'] budgets=[128] items=5000
category mix: accent_identification:114, age_prediction:104, background_scene_recognition:110, casual_reasoning:116, code_switch_question_answering:111, consonant_vowel_perception:103, content_grounding:109, continuation_writing:110, couplet_matching:107, deixis_resolution:103, dialogue_reasoning:114, dialogue_turn_counting:99, disfluency_detection:106, emotion_recognition:117, emotional_context_reasoning:110, gender_prediction:120, homophone_based_reasoning:101, idiom_reasoning:102, intent_detection:115, intonation_based_reasoning:78, intonation_perception:111, logical_reasoning:104, long_speech_summarization:106, near_homophone_perception:99, non_verbal_sound_detection:117, pause_based_reasoning:90, pause_perception:107, pitch_comparison:108, plosive_sound_identification:108, polysemy_reasoning:98, prolonged_sound_perception:83, prolonged_sound_reasoning:84, puns_interpretation:109, sarcasm_detection:116, speaker_identity_recognition:114, speech_act_classification:98, speech_duration_estimation:106, speech_stress_perception:110, speech_translation:119, speed_comparison:109, stress_based_reasoning:110, syllable_perception:100, syntactic_structure_matching:98, synthetic_speech_detection:109, total_speaker_counting:120, vocal_range_comparison:108, volume_comparison:110
config: temp=0.8 ess_threshold=0.6 early_phase=0.7 step_token='\n\n' max_steps=6 systematic resampling, style=logit

rows: 60000 | errors: 0


prompt                       sig          bud  sel_acc  oracle   major distinct  consen    ess  parsed    n
P4 plan-and-solve            entropy        1    0.510   0.510   0.510    0.976   0.976   1.00    0.98 5000
P4 plan-and-solve            entropy        8    0.544   0.729   0.549    0.207   0.844   0.91    0.99 5000
P4 plan-and-solve            entropy       16    0.554   0.801   0.561    0.119   0.831   0.90    0.99 5000
P4 plan-and-solve            entropy       32    0.551   0.856   0.564    0.068   0.819   0.90    1.00 5000
P4 plan-and-solve            entropy       64    0.544   0.901   0.561    0.038   0.811   0.89    1.00 5000
P4 plan-and-solve            entropy      128    0.538   0.929   0.557    0.020   0.804   0.89    1.00 5000
    -> @128: swarm COLLAPSES (distinct~0) -> scaling wasted; oracle>>selected (+0.39) -> WEIGHT is the bottleneck

prompt                       sig          bud  sel_acc  oracle   major distinct  consen    ess  parsed    n
P4 plan-and-solve            mean_logprob   1    0.515   0.515   0.515    0.976   0.976   1.00    0.98 5000
P4 plan-and-solve            mean_logprob   8    0.548   0.695   0.550    0.189   0.874   0.89    0.99 5000
P4 plan-and-solve            mean_logprob  16    0.543   0.758   0.546    0.109   0.861   0.87    0.99 5000
P4 plan-and-solve            mean_logprob  32    0.546   0.820   0.557    0.062   0.845   0.86    1.00 5000
P4 plan-and-solve            mean_logprob  64    0.538   0.862   0.552    0.035   0.831   0.85    1.00 5000
P4 plan-and-solve            mean_logprob 128    0.537   0.906   0.561    0.019   0.824   0.84    1.00 5000
    -> @128: swarm COLLAPSES (distinct~0) -> scaling wasted; oracle>>selected (+0.37) -> WEIGHT is the bottleneck
